[QEMU_TRACE] xhci_ring_fetch: Cycle bit mismatch! dequeue=1ffdfc10 trb.control=0 ring.ccs=1
[QEMU_TRACE] xhci_ring_fetch: Cycle bit mismatch! dequeue=1ffdfc20 trb.control=0 ring.ccs=1
[2J[H
[2;27H[36mLimine 7.13.3 (x86-64, BIOS)[0m



[13;1H                                    [7m SexOS [27m
[4;1H    [32mARROWS[0m Select    [32mENTER[0m Boot    [32mE[0m Edit[4;64H[32mB[0m Blank Entry[14;1H

[24;1H[2K[32mBooting automatically in [92m3[32m, press any key to stop the countdown...[0m[24;1H[2K[32mBooting automatically in [92m2[32m, press any key to stop the countdown...[0m[24;1H[2K[32mBooting automatically in [92m1[32m, press any key to stop the countdown...[0m[2J[Hlimine: Loading kernel `boot:///sexos-kernel`...
limine: Loading module `boot:///servers/sexdisplay`...
limine: Loading module `boot:///servers/silk-shell`...
limine: Loading module `boot:///apps/sexdrive`...
limine: Loading module `boot:///servers/sexinput`...
limine: Loading module `boot:///servers/sexusb`...
limine: Loading module `boot:///servers/silkbar`...
limine: Loading module `boot:///servers/linen`...
limine: Loading module `boot:///apps/purple-scanout`...
X86Hal: Initializing foundation (BSP)...
X86Hal: SAS Page Tables ready (CR3 = 0x1fe9b000)
PKU: Protection Keys enabled in CR4.
X86Hal: Initializing GDT/IDT...
   → Loading IDTR...
   → IDTR loaded successfully
   → Setting up LSTAR (Syscall Entry)...
   → Setting up STAR...
→ STAR MSR locked
   → Syscall setup COMPLETE
[HAL] GDT/TSS + Star MSR locked under Intel MPK/PKEY isolation (10th-gen+ hardware enforced)
allocator.init.begin
allocator.memory_regions.count=30
allocator.usable_frames.total=63252
allocator.init.done
kernel: CoreLocal initialized for BSP
kernel: RSDP Response present: true
kernel: RSDP Virtual Address: 0xffff8000000f52a0
kernel: RSDP Physical Address: 0xf52a0
X86Hal: init_advanced(rsdp=0xf52a0, hhdm=0xffff800000000000)
X86Hal: Initializing APIC and Timer...
APIC: Found PCI Region (Segment 0, Bus 0-255, Phys 0xb0000000)
APIC: Found LAPIC at 0xfee00000
APIC: Found I/O APIC 0 at 0xfec00000
APIC: LAPIC Timer initialized at Vector 0x20.
timer.init.done lapic=0xffff8000fee00000 vector=0x20
init: PRIMARY_GPU_LEASE populated
init: Found 8 Limine modules
pd: Creating domain for /servers/sexdisplay (Domain ID 1)...
pd: checkpoint=post.create.log.1
pd: checkpoint=post.create.log.2
pd: checkpoint=pd_id.allocate before rdseed/id
pd: checkpoint=pd_id.allocate.exit
pd: checkpoint=pd_id.allocate after rdseed/id pd_id=1
pd: checkpoint=pkru.precompute.enter
pd: checkpoint=pkru.precompute.exit
pd: checkpoint=pd.alloc_struct.enter
pd: checkpoint=pd.alloc_struct.post_alloc
pd: checkpoint=pd.alloc_struct.post_store
pd: checkpoint=elf.before_load path=/servers/sexdisplay
loader: Loading ELF /servers/sexdisplay (PKU Key 1)...
sasos.layout pd_id=1 name=/servers/sexdisplay base=0x40000000 entry=pending stack=0x700000100000
loader: Bootstrap mode (no active PD). Using internal initrd.
loader: module resolved path=/servers/sexdisplay bytes=33056
loader: checkpoint=loader.before_elf_header
ELF: Valid header. Entry point: 0x3ee0 min_vaddr=0x0
ELF: Loading segment: vaddr=0x40000000, memsz=0xff4 (Key: 1)
ELF: PT_LOAD idx=1 vstart=0x40000000 vend=0x40000ff4 filesz=0xff4 memsz=0xff4 flags=R+W-X- pages=1
loader.map relocated old_va=0x0 -> new_va=0x40000000 flags=PageTableFlags(PRESENT | USER_ACCESSIBLE | NO_EXECUTE)
   → Mapping range...
   → Mapping complete. Copying data to 0x40000000...
   → Copy complete.
   → Finalized segment flags=PageTableFlags(PRESENT | USER_ACCESSIBLE | NO_EXECUTE)
ELF: final PTE @0x40000000 = 0x8000000010332005
ELF: Loading segment: vaddr=0x40002000, memsz=0x543f (Key: 1)
ELF: PT_LOAD idx=2 vstart=0x40002000 vend=0x4000743f filesz=0x543f memsz=0x543f flags=R+W-X+ pages=6
loader.map relocated old_va=0x2000 -> new_va=0x40002000 flags=PageTableFlags(PRESENT | USER_ACCESSIBLE)
   → Mapping range...
   → Mapping complete. Copying data to 0x40002000...
   → Copy complete.
   → Finalized segment flags=PageTableFlags(PRESENT | USER_ACCESSIBLE)
ELF: Loading segment: vaddr=0x40008440, memsz=0xbc0 (Key: 1)
ELF: PT_LOAD idx=3 vstart=0x40008440 vend=0x40009000 filesz=0x190 memsz=0xbc0 flags=R+W+X- pages=1
loader.map relocated old_va=0x8440 -> new_va=0x40008440 flags=PageTableFlags(PRESENT | WRITABLE | USER_ACCESSIBLE | NO_EXECUTE)
   → Mapping range...
   → Mapping complete. Copying data to 0x40008440...
   → Copy complete.
   → Zeroing BSS...
   → BSS zeroed.
   → Finalized segment flags=PageTableFlags(PRESENT | WRITABLE | USER_ACCESSIBLE | NO_EXECUTE)
ELF: Loading segment: vaddr=0x400095d0, memsz=0x3b8 (Key: 1)
ELF: PT_LOAD idx=4 vstart=0x400095d0 vend=0x40009988 filesz=0x20 memsz=0x3b8 flags=R+W+X- pages=1
loader.map relocated old_va=0x95d0 -> new_va=0x400095d0 flags=PageTableFlags(PRESENT | WRITABLE | USER_ACCESSIBLE | NO_EXECUTE)
   → Mapping range...
   → Mapping complete. Copying data to 0x400095d0...
   → Copy complete.
   → Zeroing BSS...
   → BSS zeroed.
   → Finalized segment flags=PageTableFlags(PRESENT | WRITABLE | USER_ACCESSIBLE | NO_EXECUTE)
ELF: applied 13 R_X86_64_RELATIVE relocations
loader: checkpoint=loader.after_memory_mapping
loader: ELF header parsed. Entry at 0x40003ee0
loader: checkpoint=loader.after_elf_header
loader: Guard-page stack initialized at 0x700000100000
loader: entry.assert rip=0x40003ee0 pte=0x10337005 present=true user=true writable=false nx=false
loader: entry.assert.pd_id=0
loader: done path=/servers/sexdisplay elapsed_ticks=1 last_checkpoint=loader.after_elf_header
pd: checkpoint=elf.after_load entry=0x40003ee0
loader: entry.assert rip=0x40003ee0 pte=0x10337005 present=true user=true writable=false nx=false
loader: entry.assert.pd_id=1
cap: Granting root rights to PD 1...
pd: checkpoint=entrypoint.before_set pd_id=1 entry=0x40003ee0
pd: checkpoint=scheduler.before_enqueue pd_id=1
pd: main_task registered pd_id=1 (not enqueued yet)
pd: PD 1 Spawned (Bootstrap CoreLocal identity initialized). elapsed_ticks=6
✓ Spawned PD 1: /servers/sexdisplay (Domain 1)
pd: Creating domain for /apps/sexdrive (Domain ID 2)...
pd: checkpoint=post.create.log.1
pd: checkpoint=post.create.log.2
pd: checkpoint=pd_id.allocate before rdseed/id
pd: checkpoint=pd_id.allocate.exit
pd: checkpoint=pd_id.allocate after rdseed/id pd_id=2
pd: checkpoint=pkru.precompute.enter
pd: checkpoint=pkru.precompute.exit
pd: checkpoint=pd.alloc_struct.enter
pd: checkpoint=pd.alloc_struct.post_alloc
pd: checkpoint=pd.alloc_struct.post_store
pd: checkpoint=elf.before_load path=/apps/sexdrive
loader: Loading ELF /apps/sexdrive (PKU Key 2)...
sasos.layout pd_id=2 name=/apps/sexdrive base=0x41000000 entry=pending stack=0x700001100000
loader: Bootstrap mode (no active PD). Using internal initrd.
loader: module resolved path=/apps/sexdrive bytes=8984
loader: checkpoint=loader.before_elf_header
ELF: Valid header. Entry point: 0x14e0 min_vaddr=0x0
ELF: Loading segment: vaddr=0x41000000, memsz=0x3dc (Key: 2)
ELF: PT_LOAD idx=1 vstart=0x41000000 vend=0x410003dc filesz=0x3dc memsz=0x3dc flags=R+W-X- pages=1
loader.map relocated old_va=0x0 -> new_va=0x41000000 flags=PageTableFlags(PRESENT | USER_ACCESSIBLE | NO_EXECUTE)
   → Mapping range...
   → Mapping complete. Copying data to 0x41000000...
   → Copy complete.
   → Finalized segment flags=PageTableFlags(PRESENT | USER_ACCESSIBLE | NO_EXECUTE)
ELF: Loading segment: vaddr=0x410013e0, memsz=0xd8e (Key: 2)
ELF: PT_LOAD idx=2 vstart=0x410013e0 vend=0x4100216e filesz=0xd8e memsz=0xd8e flags=R+W-X+ pages=1
loader.map relocated old_va=0x13e0 -> new_va=0x410013e0 flags=PageTableFlags(PRESENT | USER_ACCESSIBLE)
   → Mapping range...
   → Mapping complete. Copying data to 0x410013e0...
   → Copy complete.
   → Finalized segment flags=PageTableFlags(PRESENT | USER_ACCESSIBLE)
ELF: Loading segment: vaddr=0x41003170, memsz=0xe90 (Key: 2)
ELF: PT_LOAD idx=3 vstart=0x41003170 vend=0x41004000 filesz=0x120 memsz=0xe90 flags=R+W+X- pages=1
loader.map relocated old_va=0x3170 -> new_va=0x41003170 flags=PageTableFlags(PRESENT | WRITABLE | USER_ACCESSIBLE | NO_EXECUTE)
   → Mapping range...
   → Mapping complete. Copying data to 0x41003170...
   → Copy complete.
   → Zeroing BSS...
   → BSS zeroed.
   → Finalized segment flags=PageTableFlags(PRESENT | WRITABLE | USER_ACCESSIBLE | NO_EXECUTE)
ELF: applied 7 R_X86_64_RELATIVE relocations
loader: checkpoint=loader.after_memory_mapping
loader: ELF header parsed. Entry at 0x410014e0
loader: checkpoint=loader.after_elf_header
loader: Guard-page stack initialized at 0x700001100000
loader: entry.assert rip=0x410014e0 pte=0x10353005 present=true user=true writable=false nx=false
loader: entry.assert.pd_id=0
loader: done path=/apps/sexdrive elapsed_ticks=1 last_checkpoint=loader.after_elf_header
pd: checkpoint=elf.after_load entry=0x410014e0
loader: entry.assert rip=0x410014e0 pte=0x10353005 present=true user=true writable=false nx=false
loader: entry.assert.pd_id=2
cap: Granting root rights to PD 2...
pd: checkpoint=entrypoint.before_set pd_id=2 entry=0x410014e0
pd: checkpoint=scheduler.before_enqueue pd_id=2
pd: main_task registered pd_id=2 (not enqueued yet)
pd: PD 2 Spawned (Bootstrap CoreLocal identity initialized). elapsed_ticks=6
✓ Spawned PD 2: /apps/sexdrive (Domain 2)
pd: Creating domain for /servers/silk-shell (Domain ID 3)...
pd: checkpoint=post.create.log.1
pd: checkpoint=post.create.log.2
pd: checkpoint=pd_id.allocate before rdseed/id
pd: checkpoint=pd_id.allocate.exit
pd: checkpoint=pd_id.allocate after rdseed/id pd_id=3
pd: checkpoint=pkru.precompute.enter
pd: checkpoint=pkru.precompute.exit
pd: checkpoint=pd.alloc_struct.enter
pd: checkpoint=pd.alloc_struct.post_alloc
pd: checkpoint=pd.alloc_struct.post_store
pd: checkpoint=elf.before_load path=/servers/silk-shell
loader: Loading ELF /servers/silk-shell (PKU Key 3)...
sasos.layout pd_id=3 name=/servers/silk-shell base=0x42000000 entry=pending stack=0x700002100000
loader: Bootstrap mode (no active PD). Using internal initrd.
loader: module resolved path=/servers/silk-shell bytes=87968
loader: checkpoint=loader.before_elf_header
ELF: Valid header. Entry point: 0x7170 min_vaddr=0x0
ELF: Loading segment: vaddr=0x42000000, memsz=0x33f4 (Key: 3)
ELF: PT_LOAD idx=1 vstart=0x42000000 vend=0x420033f4 filesz=0x33f4 memsz=0x33f4 flags=R+W-X- pages=4
loader.map relocated old_va=0x0 -> new_va=0x42000000 flags=PageTableFlags(PRESENT | USER_ACCESSIBLE | NO_EXECUTE)
   → Mapping range...
   → Mapping complete. Copying data to 0x42000000...
   → Copy complete.
   → Finalized segment flags=PageTableFlags(PRESENT | USER_ACCESSIBLE | NO_EXECUTE)
ELF: Loading segment: vaddr=0x42004400, memsz=0xd24e (Key: 3)
ELF: PT_LOAD idx=2 vstart=0x42004400 vend=0x4201164e filesz=0xd24e memsz=0xd24e flags=R+W-X+ pages=14
loader.map relocated old_va=0x4400 -> new_va=0x42004400 flags=PageTableFlags(PRESENT | USER_ACCESSIBLE)
   → Mapping range...
   → Mapping complete. Copying data to 0x42004400...
   → Copy complete.
   → Finalized segment flags=PageTableFlags(PRESENT | USER_ACCESSIBLE)
ELF: Loading segment: vaddr=0x42012650, memsz=0x9b0 (Key: 3)
ELF: PT_LOAD idx=3 vstart=0x42012650 vend=0x42013000 filesz=0x5c0 memsz=0x9b0 flags=R+W+X- pages=1
loader.map relocated old_va=0x12650 -> new_va=0x42012650 flags=PageTableFlags(PRESENT | WRITABLE | USER_ACCESSIBLE | NO_EXECUTE)
   → Mapping range...
   → Mapping complete. Copying data to 0x42012650...
   → Copy complete.
   → Zeroing BSS...
   → BSS zeroed.
   → Finalized segment flags=PageTableFlags(PRESENT | WRITABLE | USER_ACCESSIBLE | NO_EXECUTE)
ELF: Loading segment: vaddr=0x42013c10, memsz=0x7d8 (Key: 3)
ELF: PT_LOAD idx=4 vstart=0x42013c10 vend=0x420143e8 filesz=0x4f8 memsz=0x7d8 flags=R+W+X- pages=1
loader.map relocated old_va=0x13c10 -> new_va=0x42013c10 flags=PageTableFlags(PRESENT | WRITABLE | USER_ACCESSIBLE | NO_EXECUTE)
   → Mapping range...
   → Mapping complete. Copying data to 0x42013c10...
   → Copy complete.
   → Zeroing BSS...
   → BSS zeroed.
   → Finalized segment flags=PageTableFlags(PRESENT | WRITABLE | USER_ACCESSIBLE | NO_EXECUTE)
ELF: applied 66 R_X86_64_RELATIVE relocations
loader: checkpoint=loader.after_memory_mapping
loader: ELF header parsed. Entry at 0x42007170
loader: checkpoint=loader.after_elf_header
loader: Guard-page stack initialized at 0x700002100000
loader: entry.assert rip=0x42007170 pte=0x1036f005 present=true user=true writable=false nx=false
loader: entry.assert.pd_id=0
loader: done path=/servers/silk-shell elapsed_ticks=1 last_checkpoint=loader.after_elf_header
pd: checkpoint=elf.after_load entry=0x42007170
loader: entry.assert rip=0x42007170 pte=0x1036f005 present=true user=true writable=false nx=false
loader: entry.assert.pd_id=3
cap: Granting root rights to PD 3...
pd: checkpoint=entrypoint.before_set pd_id=3 entry=0x42007170
pd: checkpoint=scheduler.before_enqueue pd_id=3
pd: main_task registered pd_id=3 (not enqueued yet)
pd: PD 3 Spawned (Bootstrap CoreLocal identity initialized). elapsed_ticks=6
✓ Spawned PD 3: /servers/silk-shell (Domain 3)
pd: Creating domain for /servers/sexinput (Domain ID 4)...
pd: checkpoint=post.create.log.1
pd: checkpoint=post.create.log.2
pd: checkpoint=pd_id.allocate before rdseed/id
pd: checkpoint=pd_id.allocate.exit
pd: checkpoint=pd_id.allocate after rdseed/id pd_id=4
pd: checkpoint=pkru.precompute.enter
pd: checkpoint=pkru.precompute.exit
pd: checkpoint=pd.alloc_struct.enter
pd: checkpoint=pd.alloc_struct.post_alloc
pd: checkpoint=pd.alloc_struct.post_store
pd: checkpoint=elf.before_load path=/servers/sexinput
loader: Loading ELF /servers/sexinput (PKU Key 4)...
sasos.layout pd_id=4 name=/servers/sexinput base=0x43000000 entry=pending stack=0x700003100000
loader: Bootstrap mode (no active PD). Using internal initrd.
loader: module resolved path=/servers/sexinput bytes=15048
loader: checkpoint=loader.before_elf_header
ELF: Valid header. Entry point: 0x1820 min_vaddr=0x0
ELF: Loading segment: vaddr=0x43000000, memsz=0x6fc (Key: 4)
ELF: PT_LOAD idx=1 vstart=0x43000000 vend=0x430006fc filesz=0x6fc memsz=0x6fc flags=R+W-X- pages=1
loader.map relocated old_va=0x0 -> new_va=0x43000000 flags=PageTableFlags(PRESENT | USER_ACCESSIBLE | NO_EXECUTE)
   → Mapping range...
   → Mapping complete. Copying data to 0x43000000...
   → Copy complete.
   → Finalized segment flags=PageTableFlags(PRESENT | USER_ACCESSIBLE | NO_EXECUTE)
ELF: Loading segment: vaddr=0x43001700, memsz=0x1bdf (Key: 4)
ELF: PT_LOAD idx=2 vstart=0x43001700 vend=0x430032df filesz=0x1bdf memsz=0x1bdf flags=R+W-X+ pages=2
loader.map relocated old_va=0x1700 -> new_va=0x43001700 flags=PageTableFlags(PRESENT | USER_ACCESSIBLE)
   → Mapping range...
   → Mapping complete. Copying data to 0x43001700...
   → Copy complete.
   → Finalized segment flags=PageTableFlags(PRESENT | USER_ACCESSIBLE)
ELF: Loading segment: vaddr=0x430042e0, memsz=0xd20 (Key: 4)
ELF: PT_LOAD idx=3 vstart=0x430042e0 vend=0x43005000 filesz=0x128 memsz=0xd20 flags=R+W+X- pages=1
loader.map relocated old_va=0x42e0 -> new_va=0x430042e0 flags=PageTableFlags(PRESENT | WRITABLE | USER_ACCESSIBLE | NO_EXECUTE)
   → Mapping range...
   → Mapping complete. Copying data to 0x430042e0...
   → Copy complete.
   → Zeroing BSS...
   → BSS zeroed.
   → Finalized segment flags=PageTableFlags(PRESENT | WRITABLE | USER_ACCESSIBLE | NO_EXECUTE)
ELF: Loading segment: vaddr=0x43005408, memsz=0x38 (Key: 4)
ELF: PT_LOAD idx=4 vstart=0x43005408 vend=0x43005440 filesz=0x14 memsz=0x38 flags=R+W+X- pages=1
loader.map relocated old_va=0x5408 -> new_va=0x43005408 flags=PageTableFlags(PRESENT | WRITABLE | USER_ACCESSIBLE | NO_EXECUTE)
   → Mapping range...
   → Mapping complete. Copying data to 0x43005408...
   → Copy complete.
   → Zeroing BSS...
   → BSS zeroed.
   → Finalized segment flags=PageTableFlags(PRESENT | WRITABLE | USER_ACCESSIBLE | NO_EXECUTE)
ELF: applied 8 R_X86_64_RELATIVE relocations
loader: checkpoint=loader.after_memory_mapping
loader: ELF header parsed. Entry at 0x43001820
loader: checkpoint=loader.after_elf_header
loader: Guard-page stack initialized at 0x700003100000
loader: entry.assert rip=0x43001820 pte=0x10390005 present=true user=true writable=false nx=false
loader: entry.assert.pd_id=0
loader: done path=/servers/sexinput elapsed_ticks=1 last_checkpoint=loader.after_elf_header
pd: checkpoint=elf.after_load entry=0x43001820
loader: entry.assert rip=0x43001820 pte=0x10390005 present=true user=true writable=false nx=false
loader: entry.assert.pd_id=4
cap: Granting root rights to PD 4...
pd: checkpoint=entrypoint.before_set pd_id=4 entry=0x43001820
pd: checkpoint=scheduler.before_enqueue pd_id=4
pd: main_task registered pd_id=4 (not enqueued yet)
pd: PD 4 Spawned (Bootstrap CoreLocal identity initialized). elapsed_ticks=6
✓ Spawned PD 4: /servers/sexinput (Domain 4)
pd: Creating domain for /servers/sexusb (Domain ID 5)...
pd: checkpoint=post.create.log.1
pd: checkpoint=post.create.log.2
pd: checkpoint=pd_id.allocate before rdseed/id
pd: checkpoint=pd_id.allocate.exit
pd: checkpoint=pd_id.allocate after rdseed/id pd_id=5
pd: checkpoint=pkru.precompute.enter
pd: checkpoint=pkru.precompute.exit
pd: checkpoint=pd.alloc_struct.enter
pd: checkpoint=pd.alloc_struct.post_alloc
pd: checkpoint=pd.alloc_struct.post_store
pd: checkpoint=elf.before_load path=/servers/sexusb
loader: Loading ELF /servers/sexusb (PKU Key 5)...
sasos.layout pd_id=5 name=/servers/sexusb base=0x44000000 entry=pending stack=0x700004100000
loader: Bootstrap mode (no active PD). Using internal initrd.
loader: module resolved path=/servers/sexusb bytes=63144
loader: checkpoint=loader.before_elf_header
ELF: Valid header. Entry point: 0x47e0 min_vaddr=0x0
ELF: Loading segment: vaddr=0x44000000, memsz=0x368c (Key: 5)
ELF: PT_LOAD idx=1 vstart=0x44000000 vend=0x4400368c filesz=0x368c memsz=0x368c flags=R+W-X- pages=4
loader.map relocated old_va=0x0 -> new_va=0x44000000 flags=PageTableFlags(PRESENT | USER_ACCESSIBLE | NO_EXECUTE)
   → Mapping range...
   → Mapping complete. Copying data to 0x44000000...
   → Copy complete.
   → Finalized segment flags=PageTableFlags(PRESENT | USER_ACCESSIBLE | NO_EXECUTE)
ELF: Loading segment: vaddr=0x44004690, memsz=0xa605 (Key: 5)
ELF: PT_LOAD idx=2 vstart=0x44004690 vend=0x4400ec95 filesz=0xa605 memsz=0xa605 flags=R+W-X+ pages=11
loader.map relocated old_va=0x4690 -> new_va=0x44004690 flags=PageTableFlags(PRESENT | USER_ACCESSIBLE)
   → Mapping range...
   → Mapping complete. Copying data to 0x44004690...
   → Copy complete.
   → Finalized segment flags=PageTableFlags(PRESENT | USER_ACCESSIBLE)
ELF: Loading segment: vaddr=0x4400fc98, memsz=0x368 (Key: 5)
ELF: PT_LOAD idx=3 vstart=0x4400fc98 vend=0x44010000 filesz=0x150 memsz=0x368 flags=R+W+X- pages=1
loader.map relocated old_va=0xfc98 -> new_va=0x4400fc98 flags=PageTableFlags(PRESENT | WRITABLE | USER_ACCESSIBLE | NO_EXECUTE)
   → Mapping range...
   → Mapping complete. Copying data to 0x4400fc98...
   → Copy complete.
   → Zeroing BSS...
   → BSS zeroed.
   → Finalized segment flags=PageTableFlags(PRESENT | WRITABLE | USER_ACCESSIBLE | NO_EXECUTE)
ELF: Loading segment: vaddr=0x44010de8, memsz=0x19 (Key: 5)
ELF: PT_LOAD idx=4 vstart=0x44010de8 vend=0x44010e01 filesz=0x14 memsz=0x19 flags=R+W+X- pages=1
loader.map relocated old_va=0x10de8 -> new_va=0x44010de8 flags=PageTableFlags(PRESENT | WRITABLE | USER_ACCESSIBLE | NO_EXECUTE)
   → Mapping range...
   → Mapping complete. Copying data to 0x44010de8...
   → Copy complete.
   → Zeroing BSS...
   → BSS zeroed.
   → Finalized segment flags=PageTableFlags(PRESENT | WRITABLE | USER_ACCESSIBLE | NO_EXECUTE)
ELF: applied 13 R_X86_64_RELATIVE relocations
loader: checkpoint=loader.after_memory_mapping
loader: ELF header parsed. Entry at 0x440047e0
loader: checkpoint=loader.after_elf_header
loader: Guard-page stack initialized at 0x700004100000
loader: entry.assert rip=0x440047e0 pte=0x103ab005 present=true user=true writable=false nx=false
loader: entry.assert.pd_id=0
loader: done path=/servers/sexusb elapsed_ticks=1 last_checkpoint=loader.after_elf_header
pd: checkpoint=elf.after_load entry=0x440047e0
loader: entry.assert rip=0x440047e0 pte=0x103ab005 present=true user=true writable=false nx=false
loader: entry.assert.pd_id=5
cap: Granting root rights to PD 5...
pd: checkpoint=entrypoint.before_set pd_id=5 entry=0x440047e0
pd: checkpoint=scheduler.before_enqueue pd_id=5
pd: main_task registered pd_id=5 (not enqueued yet)
pd: PD 5 Spawned (Bootstrap CoreLocal identity initialized). elapsed_ticks=6
✓ Spawned PD 5: /servers/sexusb (Domain 5)
pd: Creating domain for /servers/silkbar (Domain ID 6)...
pd: checkpoint=post.create.log.1
pd: checkpoint=post.create.log.2
pd: checkpoint=pd_id.allocate before rdseed/id
pd: checkpoint=pd_id.allocate.exit
pd: checkpoint=pd_id.allocate after rdseed/id pd_id=6
pd: checkpoint=pkru.precompute.enter
pd: checkpoint=pkru.precompute.exit
pd: checkpoint=pd.alloc_struct.enter
pd: checkpoint=pd.alloc_struct.post_alloc
pd: checkpoint=pd.alloc_struct.post_store
pd: checkpoint=elf.before_load path=/servers/silkbar
loader: Loading ELF /servers/silkbar (PKU Key 6)...
sasos.layout pd_id=6 name=/servers/silkbar base=0x45000000 entry=pending stack=0x700005100000
loader: Bootstrap mode (no active PD). Using internal initrd.
loader: module resolved path=/servers/silkbar bytes=20080
loader: checkpoint=loader.before_elf_header
ELF: Valid header. Entry point: 0x1c50 min_vaddr=0x0
ELF: Loading segment: vaddr=0x45000000, memsz=0x9fc (Key: 6)
ELF: PT_LOAD idx=1 vstart=0x45000000 vend=0x450009fc filesz=0x9fc memsz=0x9fc flags=R+W-X- pages=1
loader.map relocated old_va=0x0 -> new_va=0x45000000 flags=PageTableFlags(PRESENT | USER_ACCESSIBLE | NO_EXECUTE)
   → Mapping range...
   → Mapping complete. Copying data to 0x45000000...
   → Copy complete.
   → Finalized segment flags=PageTableFlags(PRESENT | USER_ACCESSIBLE | NO_EXECUTE)
ELF: Loading segment: vaddr=0x45001a00, memsz=0x2ccf (Key: 6)
ELF: PT_LOAD idx=2 vstart=0x45001a00 vend=0x450046cf filesz=0x2ccf memsz=0x2ccf flags=R+W-X+ pages=3
loader.map relocated old_va=0x1a00 -> new_va=0x45001a00 flags=PageTableFlags(PRESENT | USER_ACCESSIBLE)
   → Mapping range...
   → Mapping complete. Copying data to 0x45001a00...
   → Copy complete.
   → Finalized segment flags=PageTableFlags(PRESENT | USER_ACCESSIBLE)
ELF: Loading segment: vaddr=0x450056d0, memsz=0x930 (Key: 6)
ELF: PT_LOAD idx=3 vstart=0x450056d0 vend=0x45006000 filesz=0x148 memsz=0x930 flags=R+W+X- pages=1
loader.map relocated old_va=0x56d0 -> new_va=0x450056d0 flags=PageTableFlags(PRESENT | WRITABLE | USER_ACCESSIBLE | NO_EXECUTE)
   → Mapping range...
   → Mapping complete. Copying data to 0x450056d0...
   → Copy complete.
   → Zeroing BSS...
   → BSS zeroed.
   → Finalized segment flags=PageTableFlags(PRESENT | WRITABLE | USER_ACCESSIBLE | NO_EXECUTE)
ELF: Loading segment: vaddr=0x45006818, memsz=0x10 (Key: 6)
ELF: PT_LOAD idx=4 vstart=0x45006818 vend=0x45006828 filesz=0x8 memsz=0x10 flags=R+W+X- pages=1
loader.map relocated old_va=0x6818 -> new_va=0x45006818 flags=PageTableFlags(PRESENT | WRITABLE | USER_ACCESSIBLE | NO_EXECUTE)
   → Mapping range...
   → Mapping complete. Copying data to 0x45006818...
   → Copy complete.
   → Zeroing BSS...
   → BSS zeroed.
   → Finalized segment flags=PageTableFlags(PRESENT | WRITABLE | USER_ACCESSIBLE | NO_EXECUTE)
ELF: applied 10 R_X86_64_RELATIVE relocations
loader: checkpoint=loader.after_memory_mapping
loader: ELF header parsed. Entry at 0x45001c50
loader: checkpoint=loader.after_elf_header
loader: Guard-page stack initialized at 0x700005100000
loader: entry.assert rip=0x45001c50 pte=0x103cb005 present=true user=true writable=false nx=false
loader: entry.assert.pd_id=0
loader: done path=/servers/silkbar elapsed_ticks=1 last_checkpoint=loader.after_elf_header
pd: checkpoint=elf.after_load entry=0x45001c50
loader: entry.assert rip=0x45001c50 pte=0x103cb005 present=true user=true writable=false nx=false
loader: entry.assert.pd_id=6
cap: Granting root rights to PD 6...
pd: checkpoint=entrypoint.before_set pd_id=6 entry=0x45001c50
pd: checkpoint=scheduler.before_enqueue pd_id=6
pd: main_task registered pd_id=6 (not enqueued yet)
pd: PD 6 Spawned (Bootstrap CoreLocal identity initialized). elapsed_ticks=6
✓ Spawned PD 6: /servers/silkbar (Domain 6)
pd: Creating domain for /servers/linen (Domain ID 7)...
pd: checkpoint=post.create.log.1
pd: checkpoint=post.create.log.2
pd: checkpoint=pd_id.allocate before rdseed/id
pd: checkpoint=pd_id.allocate.exit
pd: checkpoint=pd_id.allocate after rdseed/id pd_id=7
pd: checkpoint=pkru.precompute.enter
pd: checkpoint=pkru.precompute.exit
pd: checkpoint=pd.alloc_struct.enter
pd: checkpoint=pd.alloc_struct.post_alloc
pd: checkpoint=pd.alloc_struct.post_store
pd: checkpoint=elf.before_load path=/servers/linen
loader: Loading ELF /servers/linen (PKU Key 7)...
sasos.layout pd_id=7 name=/servers/linen base=0x46000000 entry=pending stack=0x700006100000
loader: Bootstrap mode (no active PD). Using internal initrd.
loader: module resolved path=/servers/linen bytes=3016
loader: checkpoint=loader.before_elf_header
ELF: Valid header. Entry point: 0x12d0 min_vaddr=0x0
ELF: Loading segment: vaddr=0x46000000, memsz=0x2cc (Key: 7)
ELF: PT_LOAD idx=1 vstart=0x46000000 vend=0x460002cc filesz=0x2cc memsz=0x2cc flags=R+W-X- pages=1
loader.map relocated old_va=0x0 -> new_va=0x46000000 flags=PageTableFlags(PRESENT | USER_ACCESSIBLE | NO_EXECUTE)
   → Mapping range...
   → Mapping complete. Copying data to 0x46000000...
   → Copy complete.
   → Finalized segment flags=PageTableFlags(PRESENT | USER_ACCESSIBLE | NO_EXECUTE)
ELF: Loading segment: vaddr=0x460012d0, memsz=0xf4 (Key: 7)
ELF: PT_LOAD idx=2 vstart=0x460012d0 vend=0x460013c4 filesz=0xf4 memsz=0xf4 flags=R+W-X+ pages=1
loader.map relocated old_va=0x12d0 -> new_va=0x460012d0 flags=PageTableFlags(PRESENT | USER_ACCESSIBLE)
   → Mapping range...
   → Mapping complete. Copying data to 0x460012d0...
   → Copy complete.
   → Finalized segment flags=PageTableFlags(PRESENT | USER_ACCESSIBLE)
ELF: Loading segment: vaddr=0x460023c8, memsz=0xc38 (Key: 7)
ELF: PT_LOAD idx=3 vstart=0x460023c8 vend=0x46003000 filesz=0x90 memsz=0xc38 flags=R+W+X- pages=1
loader.map relocated old_va=0x23c8 -> new_va=0x460023c8 flags=PageTableFlags(PRESENT | WRITABLE | USER_ACCESSIBLE | NO_EXECUTE)
   → Mapping range...
   → Mapping complete. Copying data to 0x460023c8...
   → Copy complete.
   → Zeroing BSS...
   → BSS zeroed.
   → Finalized segment flags=PageTableFlags(PRESENT | WRITABLE | USER_ACCESSIBLE | NO_EXECUTE)
loader: checkpoint=loader.after_memory_mapping
loader: ELF header parsed. Entry at 0x460012d0
loader: checkpoint=loader.after_elf_header
loader: Guard-page stack initialized at 0x700006100000
loader: entry.assert rip=0x460012d0 pte=0x103e4005 present=true user=true writable=false nx=false
loader: entry.assert.pd_id=0
loader: done path=/servers/linen elapsed_ticks=1 last_checkpoint=loader.after_elf_header
pd: checkpoint=elf.after_load entry=0x460012d0
loader: entry.assert rip=0x460012d0 pte=0x103e4005 present=true user=true writable=false nx=false
loader: entry.assert.pd_id=7
cap: Granting root rights to PD 7...
pd: checkpoint=entrypoint.before_set pd_id=7 entry=0x460012d0
pd: checkpoint=scheduler.before_enqueue pd_id=7
pd: main_task registered pd_id=7 (not enqueued yet)
pd: PD 7 Spawned (Bootstrap CoreLocal identity initialized). elapsed_ticks=6
✓ Spawned PD 7: /servers/linen (Domain 7)
✓ Phase 25: Capabilities granted to silk-shell
✓ Phase 25: Capabilities granted to sexinput
✓ cap.route: sexusb->sexinput slot 9
DevMgr: Starting hardware discovery...
DevMgr: Enumerated 7 PCI devices.
DevMgr: Assigning GPU (00:01.0) to sexdisplay
IRQ: Registered Vector 0x23 to PD 1
DevMgr: Discovered USB XHCI (00:03.0) vendor=1033 device=0194 bar0=0xfebd4000 irq_line=0xb
DevMgr: Leased XHCI to pd=5 slot=8
DevMgr: Discovered USB controller class=0c:05 (00:1f.3) vendor=8086 device=2930
DevMgr: Hardware discovery complete.
✓ SilkBar v8: Capability SLOT_DISPLAY granted
✓ Phase 25: Capability SLOT_DISPLAY granted to linen
init: FB remapped USER_ACCESSIBLE (0xffff8000fd000000, 4096000 bytes) key=1
init: FB handed to sexdisplay (1280x800 @ 0xffff8000fd000000)
init: Revoking kernel write access...
scheduler.enqueue pd_id=1
scheduler.enqueue pd_id=2
scheduler.enqueue pd_id=3
scheduler.enqueue pd_id=4
scheduler.enqueue pd_id=5
scheduler.enqueue pd_id=6
scheduler.enqueue pd_id=7
init: Ready for Scheduler.
scheduler.bind.before
scheduler.bind.target_pd_id=1
scheduler.bind.after
interrupts.enable.before if=false
scheduler.tick.enter core=0 phase=4 rq_depth=7
task.running id=1 pd_id=1 rip=0x40003ee0 rsp=0x700000100000
scheduler.pick_next pd_id=1
first scheduled pd_id=1
context_switch.before_switch_to rip=0x40003ee0 rsp=0x700000100000 rflags=0x202 cs=0x2b ss=0x23 pd_id=1
switch.frame rip=0x40003ee0 cs=0x2b ss=0x23 rsp=0x700000100000 rflags=0x202
iret.frame.qwords rsp=0x4444444a4858 [0]=0x40003ee0 [1]=0x2b [2]=0x202 [3]=0x700000100000 [4]=0x23
iret.frame.check rip_canon=true rsp_canon=true rflags.bit1=true rflags.if=true cs=0x2b ss=0x23
user.entry.bytes rip=0x40003ee0 55 41 57 41 56 41 55 41 54 53 48 81 ec c8 03 00 00 48 8d 15 52 c9 ff ff be 45 00 00 00 41 ba 1e
gdt.user.sel ss=0x23 raw=0x00cff3000000ffff
gdt.user.sel cs=0x2b raw=0x00affb000000ffff
tss.rsp0=0x4444444a47d8
context_switch.begin
timer.tick.enter
scheduler.tick.enter core=0 phase=4 rq_depth=6
task.running id=2 pd_id=2 rip=0x410014e0 rsp=0x700001100000
scheduler.pick_next pd_id=2
task.requeued id=1 pd_id=1
scheduler.restore_context pd_id=2 kstack_top=0x4444444e87d8 rip=0x410014e0
[sexdrive] XHCI probe: no BAR lease/mapping available
timer.tick.enter
scheduler.tick.enter core=0 phase=4 rq_depth=6
task.running id=3 pd_id=3 rip=0x42007170 rsp=0x700002100000
scheduler.pick_next pd_id=3
task.requeued id=2 pd_id=2
scheduler.restore_context pd_id=3 kstack_top=0x44444452c7d8 rip=0x42007170
[silk-shell] Authority Starting...
[shell.frame.model.init] frames=1 tabs=1
[silk-shell] AUTHORITATIVE WM LISTENING (PDX SLOT 6)
[silk-shell] Boot workspace advertisement sent to SilkBar
[shell.frame.light.model] close=1 minimize=2 zoom=3 mask=0x2
[shell.cursor_surface.create.start] id=0x90
[shell.cursor_surface.create.ok]
[silk-shell] Boot 0xEC surface 100 create sent to sexdisplay
[silk-shell] Boot 0xEC surface 101 create sent to sexdisplay
[silk-shell] Boot 0xEC surface 102 create sent to sexdisplay
[silk-shell] Boot 0xEC surface 103 create sent to sexdisplay
[silk-shell] Boot focus set to surface 100
timer.tick.enter
scheduler.tick.enter core=0 phase=4 rq_depth=7
task.running id=4 pd_id=4 rip=0x43001820 rsp=0x700003100000
scheduler.pick_next pd_id=4
scheduler.restore_context pd_id=4 kstack_top=0x4444445707d8 rip=0x43001820
[sexinput] Normalizer Starting...
[proof.gate.state] enabled=0 source=env
[keyboard_cursor.gate] enabled=0 source=default
timer.tick.enter
scheduler.tick.enter core=0 phase=4 rq_depth=7
task.running id=5 pd_id=5 rip=0x440047e0 rsp=0x700004100000
scheduler.pick_next pd_id=5
scheduler.restore_context pd_id=5 kstack_top=0x4444445b47d8 rip=0x440047e0
[sexusb] USB DRIVER STARTING (CUSTOM BUILD, NO SYNTHETIC)...
[sexusb.xhci.map.ok]
[sexusb.xhci.diag.after_map_ok]
[sexusb.xhci.caplength] 0x40
[sexusb.xhci.hciversion] 0x100
[sexusb.xhci.hcsp1] 0x8001040
[sexusb.xhci.hcsp2] 0xf
[sexusb.xhci.hcc1] 0x80001
[sexusb.xhci.probe.ok]
[sexusb.xhci.reset.start]
[sexusb.xhci.halted.ok]
[sexusb.xhci.reset.ok]
[sexusb.xhci.ring.alloc.start]
[sexusb.xhci.cmd_ring.ok]
[sexusb.xhci.event_ring.ok]
[sexusb.xhci.dcbaa.ok]
[sexusb.xhci.erst.ok]
[sexusb.xhci.ring.ptrs.write.start]
[sexusb.xhci.dcbaap.write.ok]
[sexusb.xhci.crcr.write.ok] wrote=0x1f9be001 readback=0x1f9be001
[sexusb.xhci.phys.diag] cmd=0x1f9be000 event=0x102ab000 erst=0x1f9bc000 dcbaa=0x1f9bd000
[sexusb.xhci.erst.write.ok]
[sexusb.xhci.erdp.write.ok]
[sexusb.xhci.config.ok] max_slots=64
[sexusb.xhci.ring.proof.ok]
[sexusb.xhci.run.diag.before] usbcmd=0x0 usbsts=0x1
[sexusb.xhci.run.diag.after] usbcmd=0x5 usbsts=0x0
[sexusb.xhci.run.ok]
[sexusb.xhci.run.state] rs=1 halted=0 cnr=0 hse=0 eint=0
[sexusb.xhci.ring_state.audit.start]
[sexusb.xhci.ring_state.cmd_cycle.ok]
[sexusb.xhci.ring_state.stop_marker.ok]
[sexusb.xhci.ring_state.event_cycle.ok]
[sexusb.xhci.cmd.noop.start]
[sexusb.xhci.cmd.noop.trb.ok]
[sexusb.xhci.diag.dboff] raw=0x2000 db_base=0x400000023000 map_va=0x400000021000
[sexusb.xhci.diag.readback] mfindex=0x8 iman=0x0 erstsz=0x1 erstba=0x1f9bc000 erdp=0x102ab000 usbcmd=0x5 usbsts=0x0 crcr=0x1f9be001 dcbaap=0x1f9bd000
[sexusb.xhci.diag.iman_ie] iman=0x2
[QEMU_TRACE] xhci_ring_fetch: Cycle bit mismatch! dequeue=1f9be010 trb.control=0 ring.ccs=1
[sexusb.xhci.cmd.noop.doorbell.ok]
[sexusb.xhci.diag.scratchpad] max=0 dcbaa[0]=0x0
[sexusb.xhci.diag.trb_full] trb[0] d0=0x0 d1=0x0 d2=0x0 d3=0x5c01
[sexusb.xhci.diag.trb_full] trb[1] d0=0x0 d1=0x0 d2=0x0 d3=0x0
[sexusb.xhci.diag.trb_check] cmd[0].d3=0x5c01 cmd[1].d3=0x0 ev[0].d3=0x8401
[sexusb.xhci.noop.poll.enter] event_va=0x400000032000 ev_idx=0 ev_dcs=1 read_addr=0x400000032000
[sexusb.xhci.cmd.noop.event.raw] d0=0x1f9be000 d1=0x0 d2=0x1000000 d3=0x8401 type=33 cc=1
[sexusb.xhci.cmd.noop.complete.ok]
[sexusb.xhci.enable_slot.start]
[sexusb.xhci.enable_slot.trb.ok]
[QEMU_TRACE] xhci_ring_fetch: Cycle bit mismatch! dequeue=1f9be020 trb.control=0 ring.ccs=1
[sexusb.xhci.enable_slot.doorbell.ok]
[sexusb.xhci.enable_slot.event.raw] d0=0x1f9be010 d1=0x0 d2=0x1000000 d3=0x1008401
[sexusb.xhci.enable_slot.complete.ok]
[sexusb.xhci.enable_slot.slot.ok] 1
[sexusb.xhci.ring_state.audit.ok]
[sexusb.xhci.addr_ctx.layout.start]
[sexusb.xhci.addr_ctx.stride.ok] 32
[sexusb.xhci.addr_ctx.ports] 8
[sexusb.xhci.addr_ctx.port.connected] port=5 speed=3
[sexusb.xhci.addr_ctx.input.ok]
[sexusb.xhci.addr_ctx.device.ok]
[sexusb.xhci.addr_ctx.ep0_ring.ok]
[sexusb.xhci.addr_ctx.icc.ok]
[sexusb.xhci.addr_ctx.slot.ok]
[sexusb.xhci.addr_ctx.ep0.ok]
[sexusb.xhci.addr_ctx.dcbaa.ok] wrote=0x1f9b9000 readback=0x1f9b9000
[sexusb.xhci.addr_ctx.layout.ok]
[sexusb.xhci.address_device.start]
[sexusb.xhci.address_device.trb.dump] d0=0x1f9b8000 d1=0x0 d2=0x0 d3=0x1002c01
[sexusb.xhci.input_ctx.dump] icc=(0x0,0x3) slot=(0x8300000,0x50000,0x0,0x0) ep0=(0x2000000,0x13,0x1f9ba001,0x0)
[sexusb.xhci.address_device.trb.ok]
[sexusb.xhci.dev_ctx.dump] slot=(0x8300000,0x50000,0x0,0x0) ep0=(0x2000000,0x13,0x1f9ba001,0x0)
[sexusb.xhci.addr_ctx.audit.start]
[sexusb.xhci.icc_audit.target_port] port=5
[sexusb.xhci.icc_audit.portsc_raw] raw=0x20ee1
[sexusb.xhci.icc_audit.port_ccs] ccs=1
[sexusb.xhci.icc_audit.slot_id] id=1
[sexusb.xhci.icc_audit.ctx_stride] stride=32
[sexusb.xhci.icc_audit.input_ctx_phys] phys=0x1f9b8000
[sexusb.xhci.icc_audit.device_ctx_phys] phys=0x1f9b9000
[sexusb.xhci.icc_audit.raw32] i=0 off=0x0 val=0x00000000
[sexusb.xhci.icc_audit.raw32] i=1 off=0x4 val=0x00000003
[sexusb.xhci.icc_audit.raw32] i=2 off=0x8 val=0x00000000
[sexusb.xhci.icc_audit.raw32] i=3 off=0xc val=0x00000000
[sexusb.xhci.icc_audit.raw32] i=4 off=0x10 val=0x00000000
[sexusb.xhci.icc_audit.raw32] i=5 off=0x14 val=0x00000000
[sexusb.xhci.icc_audit.raw32] i=6 off=0x18 val=0x00000000
[sexusb.xhci.icc_audit.raw32] i=7 off=0x1c val=0x00000000
[sexusb.xhci.icc_audit.raw32] i=8 off=0x20 val=0x08300000
[sexusb.xhci.icc_audit.raw32] i=9 off=0x24 val=0x00050000
[sexusb.xhci.icc_audit.raw32] i=10 off=0x28 val=0x00000000
[sexusb.xhci.icc_audit.raw32] i=11 off=0x2c val=0x00000000
[sexusb.xhci.icc_audit.raw32] i=12 off=0x30 val=0x00000000
[sexusb.xhci.icc_audit.raw32] i=13 off=0x34 val=0x0000timer.tick.enter
scheduler.tick.enter core=0 phase=4 rq_depth=6
task.running id=6 pd_id=6 rip=0x45001c50 rsp=0x700005100000
scheduler.pick_next pd_id=6
task.requeued id=5 pd_id=5
scheduler.restore_context pd_id=6 kstack_top=0x4444445f87d8 rip=0x45001c50
[silk.contract.validate.start]
[silk.contract.validate.ok] version=2
[silkbar.workspace.recv] index=0
[silkbar.workspace.active.set] index=0
[silkbar.workspace.active.send.start] index=0
[silkbar.workspace.active.send.ok] index=0
[silkbar.selected.options.recv] mask=0x8
[silkbar.selected.options.forward] mask=0x8
timer.tick.enter
scheduler.tick.enter core=0 phase=4 rq_depth=7
task.running id=7 pd_id=7 rip=0x460012d0 rsp=0x700006100000
scheduler.pick_next pd_id=7
scheduler.restore_context pd_id=7 kstack_top=0x44444463c7d8 rip=0x460012d0
timer.tick.enter
scheduler.tick.enter core=0 phase=4 rq_depth=6
task.running id=1 pd_id=1 rip=0x40003ee0 rsp=0x700000100000
scheduler.pick_next pd_id=1
task.requeued id=7 pd_id=7
scheduler.restore_context pd_id=1 kstack_top=0x4444444a4728 rip=0x40003ee0
[silk.contract.validate.start]
[silk.contract.validate.ok] version=2
timer.tick.enter
scheduler.tick.enter core=0 phase=4 rq_depth=6
task.running id=2 pd_id=2 rip=0x4100161e rsp=0x7000010fff98
scheduler.pick_next pd_id=2
task.requeued id=1 pd_id=1
scheduler.restore_context pd_id=2 kstack_top=0x4444444e87d8 rip=0x4100161e
timer.tick.enter
scheduler.tick.enter core=0 phase=4 rq_depth=6
task.running id=3 pd_id=3 rip=0x42007170 rsp=0x700002100000
scheduler.pick_next pd_id=3
task.requeued id=2 pd_id=2
scheduler.restore_context pd_id=3 kstack_top=0x44444452c7d8 rip=0x42007170
timer.tick.enter
scheduler.tick.enter core=0 phase=4 rq_depth=7
task.running id=4 pd_id=4 rip=0x43001820 rsp=0x700003100000
scheduler.pick_next pd_id=4
scheduler.restore_context pd_id=4 kstack_top=0x4444445707d8 rip=0x43001820
timer.tick.enter
scheduler.tick.enter core=0 phase=4 rq_depth=7
task.running id=5 pd_id=5 rip=0x440047a1 rsp=0x7000040ff9dc
scheduler.pick_next pd_id=5
scheduler.restore_context pd_id=5 kstack_top=0x4444445b47d8 rip=0x440047a1
0000
[sexusb.xhci.icc_audit.raw32] i=14 off=0x38 val=0x00000000
[sexusb.xhci.icc_audit.raw32] i=15 off=0x3c val=0x00000000
[sexusb.xhci.icc_audit.qemu_icc] icc0=0x0 icc1=0x3 icc0_exp=0 icc1_exp=3 icc0_ok=true icc1_ok=true
[sexusb.xhci.icc_audit.qemu_slot] dw0=0x8300000 dw1=0x50000 dw2=0x0 dw3=0x0
[sexusb.xhci.icc_audit.slot_ports] spec_port=0 qemu_port=5 target_port=5
[sexusb.xhci.icc_audit.qemu_ep0] dw0=0x2000000 dw1=0x13 dw2=0x1f9ba001 dw3=0x0
[sexusb.xhci.icc_audit.addr_trb] d0=0x1f9b8000 d1=0x0 d2=0 d3=0x1002c01
[sexusb.xhci.icc_audit.trb_ptr_match] ptr=0x1f9b8000 match=true
[sexusb.xhci.icc_audit.bsr_zero] bsr=0
[QEMU_TRACE] xhci_ring_fetch: Cycle bit mismatch! dequeue=1f9be030 trb.control=0 ring.ccs=1
[sexusb.xhci.address_device.doorbell.ok]
[sexusb.xhci.address_device.poll.enter] ev_idx=2 ev_dcs=1
[sexusb.xhci.address_device.event.dump] d0=0x1f9be020 d1=0x0 d2=0x1000000 d3=0x1008401 type=33 cc=1 slot=1
[sexusb.xhci.address_device.complete.ok]
[sexusb.xhci.address_device.slot.ok]
[sexusb.xhci.address_device.state.ok] slot_state=2
[sexusb.xhci.desc8.ep0_deq] dw2=0x1f9ba001 dw3=0x0 ptr=0x1f9ba000 dcs=1
[sexusb.xhci.desc8.start]
[sexusb.xhci.desc8.alloc.ok] phys=0x1f9bb000 va=0x400000038000
[sexusb.xhci.desc8.trbs.ok]
[sexusb.xhci.desc8.ep0_ring] phys=0x1f9ba000 idx=4 cycle=1
[sexusb.xhci.desc8.trb0] d0=0x1000680 d1=0x80000 d2=0x8 d3=0x20841
[sexusb.xhci.desc8.trb1] d0=0x1f9bb000 d1=0x0 d2=0x40008 d3=0x10c01
[sexusb.xhci.desc8.trb2] d0=0x0 d1=0x0 d2=0x0 d3=0x1021
[sexusb.xhci.desc8.trb3] d0=0x0 d1=0x0 d2=0x0 d3=0x0
[sexusb.xhci.desc8.db] base=0x400000023000 off=+4 val=1
[sexusb.xhci.desc8.doorbell.ok]
[sexusb.xhci.desc8.wait_state] ev_idx=3 ev_dcs=1 iman=0x3 erdp=0x102ab038
[sexusb.xhci.desc8.event.ok]
[sexusb.xhci.desc8.bytes.ok] bytes=[0x12,0x1,0x0,0x2,0x0,0x0,0x0,0x40]
[sexusb.xhci.desc8.mps.ok] mps=64
[sexusb.xhci.desc8.complete.ok]
[sexusb.xhci.eval_ctx.start]
[sexusb.xhci.mps.audit] port_speed=3
[sexusb.xhci.mps.audit] device_desc_bMaxPacketSize0=64
[sexusb.xhci.mps.audit] max_packet_size_speed_guess=512
[sexusb.xhci.mps.audit] output_ep0_dw0=0x2000001
[sexusb.xhci.mps.audit] output_ep0_dw1=0x13
[sexusb.xhci.mps.audit] output_ep0_dw2=0x1f9ba031
[sexusb.xhci.mps.audit] output_ep0_dw3=0x0
[sexusb.xhci.mps.audit] output_ep0_mps_before=512
[sexusb.xhci.mps.audit] expected_rule=speed_based port_speed=3 guess=512
[sexusb.xhci.mps.audit] got_rule_source=descriptor_bMaxPacketSize0 value=64
[sexusb.xhci.eval_ctx.trb.ok]
[QEMU_TRACE] xhci_ring_fetch: Cycle bit mismatch! dequeue=1f9be040 trb.control=0 ring.ccs=1
[sexusb.xhci.eval_ctx.doorbell.ok]
[sexusb.xhci.eval_ctx.event.ok]
[sexusb.xhci.mps.audit] post_eval_ep0_dw0=0x2000001
[sexusb.xhci.mps.audit] post_eval_ep0_dw1=0x13
[sexusb.xhci.mps.audit] post_eval_ep0_dw2=0x1f9ba031
[sexusb.xhci.mps.audit] post_eval_ep0_dw3=0x0
[sexusb.xhci.mps.audit] output_ep0_mps_after=512
[sexusb.xhci.mps.audit] actual_mps_target=64
[sexusb.xhci.eval_ctx.ss_mps_512.ok] port_speed=3 ss_mps=512 descriptor_bMaxPacketSize0=64
[sexusb.xhci.full18.start]
[sexusb.xhci.full18.ep0_deq.ok] idx=3 dcs=1
[sexusb.xhci.full18.zero.ok]
[sexusb.xhci.full18.trbs.ok]
[sexusb.xhci.full18.doorbell.ok]
[sexusb.xhci.full18.event.ok]
[sexusb.xhci.full18.bytes.ok] bytes=[0x12,0x1,0x0,0x2,0x0,0x0,0x0,0x40,0x27,0x6,0x1,0x0,0x0,0x0,0x1,0x3,0xa,0x1]
[sexusb.xhci.full18.len] len=18
[sexusb.xhci.full18.type] type=1
[sexusb.xhci.full18.usb] usb=0x200
[sexusb.xhci.full18.class] class=0 subclass=0 protocol=0
[sexusb.xhci.full18.vendor] vendor=0x627
[sexusb.xhci.full18.product] product=0x1
[sexusb.xhci.full18.device] device=0x0
[sexusb.xhci.full18.configs] configs=1
[sexusb.xhci.full18.mps_check] mps=64
[sexusb.xhci.full18.complete.ok]
[sexusb.xhci.config.start]
[sexusb.xhci.config.header_deq.ok] idx=6 dcs=1
[sexusb.xhci.config.header_zero.ok]
[sexusb.xhci.config.header_trbs.ok]
[sexusb.xhci.config.header.doorbell.ok]
[sexusb.xhci.config.header.event.ok]
[sexusb.xhci.config.header.ok]
[sexusb.xhci.config.header.totallen] len=34
[sexusb.xhci.config.full_deq.ok] idx=9 dcs=1
[sexusb.xhci.config.full_zero.ok]
[sexusb.xhci.config.full_trbs.ok]
[sexusb.xhci.config.full.doorbell.ok]
[sexusb.xhci.config.full.event.ok]
[sexusb.xhci.config.walk.start]
[sexusb.xhci.config.hid_tablet.found] intf=0 off=9 subclass=0 protocol=0
[sexusb.xhci.config.hid_desc.ok] off=18 report_len=74
[sexusb.xhci.config.intr_ep.tablet] off=27 addr=0x81 mps=8 interval=4
[sexusb.xhci.config.walk.done]
[sexusb.xhci.hid.report_desc.start] intf=0 len=74
[sexusb.xhci.hid.report_desc.event.ok] actual=74 residue=0
[sexusb.xhci.hid.report_desc.bytes] i=0 b=0x5
[sexusb.xhci.hid.report_desc.bytes] i=1 b=0x1
[sexusb.xhci.hid.report_desc.bytes] i=2 b=0x9
[sexusb.xhci.hid.report_desc.bytes] i=3 b=0x2
[sexusb.xhci.hid.report_desc.bytes] i=4 b=0xa1
[sexusb.xhci.hid.report_desc.bytes] i=5 b=0x1
[sexusb.xhci.hid.report_desc.bytes] i=6 b=0x9
[sexusb.xhci.hid.report_desc.bytes] i=7 b=0x1
[sexusb.xhci.hid.report_desc.bytes] i=8 b=0xa1
[sexusb.xhci.hid.report_desc.bytes] i=9 b=0x0
[sexusb.xhci.hid.report_desc.bytes] i=10 b=0x5
[sexusb.xhci.hid.report_desc.bytes] i=11 b=0x9
[sexusb.xhci.hid.report_desc.bytes] i=12 b=0x19
[sexusb.xhci.hid.report_desc.bytes] i=13 b=0x1
[sexusb.xhci.hid.report_desc.bytes] i=14 b=0x29
[sexusb.xhci.hid.report_desc.bytes] i=15 b=0x3
[sexusb.xhci.hid.report_desc.bytes] i=16 b=0x15
[sexusb.xhci.hid.report_desc.bytes] i=17 b=0x0
[sexusb.xhci.hid.report_desc.bytes] i=18 b=0x25
[sexusb.xhci.hid.report_desc.bytes] i=19 b=0x1
[sexusb.xhci.hid.report_desc.bytes] i=20 b=0x95
[sexusb.xhci.hid.report_desc.bytes] i=21 b=0x3
[sexusb.xhci.hid.report_desc.bytes] i=22 b=0x75
[sexusb.xhci.hid.report_desc.bytes] i=23 b=0x1
[sexusb.xhci.hid.report_desc.bytes] i=24 b=0x81
[sexusb.xhci.hid.report_desc.bytes] i=25 b=0x2
[sexusb.xhci.hid.report_desc.bytes] i=26 b=0x95
[sexusb.xhci.hid.report_desc.bytes] i=27 b=0x1
[sexusb.xhci.hid.report_desc.bytes] i=28 b=0x75
[sexusb.xhci.hid.report_desc.bytes] i=29 b=0x5
[sexusb.xhci.hid.report_desc.bytes] i=30 b=0x81
[sexusb.xhci.hid.report_desc.bytes] i=31 b=0x1
[sexusb.xhci.hid.report_desc.bytes] i=32 b=0x5
[sexusb.xhci.hid.report_desc.bytes] i=33 b=0x1
[sexusb.xhci.hid.report_desc.bytes] i=34 b=0x9
[sexusb.xhci.hid.report_desc.bytes] i=35 b=0x30
[sexusb.xhci.hid.report_desc.bytes] i=36 b=0x9
[sexusb.xhci.hid.report_desc.bytes] i=37 b=0x31
[sexusb.xhci.hid.report_desc.bytes] i=38 b=0x15
[sexusb.xhci.hid.report_desc.bytes] i=39 b=0x0
[sexusb.xhci.hid.report_desc.bytes] i=40 b=0x26
[sexusb.xhci.hid.report_desc.bytes] i=41 b=0xff
[sexusb.xhci.hid.report_desc.bytes] i=42 b=0x7f
[sexusb.xhci.hid.report_desc.bytes] i=43 b=0x35
[sexusb.xhci.hid.report_desc.bytes] i=44 b=0x0
[sexusb.xhci.hid.report_desc.bytes] i=45 b=0x46
[sexusb.xhci.hid.report_desc.bytes] i=46 b=0xff
[sexusb.xhci.hid.report_desc.bytes] i=47 b=0x7f
[sexusb.xhci.hid.report_desc.bytes] i=48 b=0x75
[sexusb.xhci.hid.report_desc.bytes] i=49 b=0x10
[sexusb.xhci.hid.report_desc.bytes] i=50 b=0x95
[sexusb.xhci.hid.report_desc.bytes] i=51 b=0x2
[sexusb.xhci.hid.report_desc.bytes] i=52 b=0x81
[sexusb.xhci.hid.report_desc.bytes] i=53 b=0x2
[sexusb.xhci.hid.report_desc.bytes] i=54 b=0x5
[sexusb.xhci.hid.report_desc.bytes] i=55 b=0x1
[sexusb.xhci.hid.report_desc.bytes] i=56 b=0x9
timer.tick.enter
scheduler.tick.enter core=0 phase=4 rq_depth=6
task.running id=6 pd_id=6 rip=0x45001c50 rsp=0x700005100000
scheduler.pick_next pd_id=6
task.requeued id=5 pd_id=5
scheduler.restore_context pd_id=6 kstack_top=0x4444445f87d8 rip=0x45001c50
timer.tick.enter
scheduler.tick.enter core=0 phase=4 rq_depth=7
task.running id=7 pd_id=7 rip=0x460012e6 rsp=0x7000060ffff8
scheduler.pick_next pd_id=7
scheduler.restore_context pd_id=7 kstack_top=0x44444463c7d8 rip=0x460012e6
timer.tick.enter
scheduler.tick.enter core=0 phase=4 rq_depth=6
task.running id=1 pd_id=1 rip=0x400038d0 rsp=0x7000000ffae8
scheduler.pick_next pd_id=1
task.requeued id=7 pd_id=7
scheduler.restore_context pd_id=1 kstack_top=0x4444444a4728 rip=0x400038d0
timer.tick.enter
scheduler.tick.enter core=0 phase=4 rq_depth=6
task.running id=2 pd_id=2 rip=0x41001618 rsp=0x7000010fff98
scheduler.pick_next pd_id=2
task.requeued id=1 pd_id=1
scheduler.restore_context pd_id=2 kstack_top=0x4444444e87d8 rip=0x41001618
timer.tick.enter
scheduler.tick.enter core=0 phase=4 rq_depth=6
task.running id=3 pd_id=3 rip=0x42007170 rsp=0x700002100000
scheduler.pick_next pd_id=3
task.requeued id=2 pd_id=2
scheduler.restore_context pd_id=3 kstack_top=0x44444452c7d8 rip=0x42007170
timer.tick.enter
scheduler.tick.enter core=0 phase=4 rq_depth=7
task.running id=4 pd_id=4 rip=0x43001820 rsp=0x700003100000
scheduler.pick_next pd_id=4
scheduler.restore_context pd_id=4 kstack_top=0x4444445707d8 rip=0x43001820
timer.tick.enter
scheduler.tick.enter core=0 phase=4 rq_depth=7
task.running id=5 pd_id=5 rip=0x4400bdc6 rsp=0x7000040ffac8
scheduler.pick_next pd_id=5
scheduler.restore_context pd_id=5 kstack_top=0x4444445b47d8 rip=0x4400bdc6
[sexusb.xhci.hid.report_desc.bytes] i=57 b=0x38
[sexusb.xhci.hid.report_desc.bytes] i=58 b=0x15
[sexusb.xhci.hid.report_desc.bytes] i=59 b=0x81
[sexusb.xhci.hid.report_desc.bytes] i=60 b=0x25
[sexusb.xhci.hid.report_desc.bytes] i=61 b=0x7f
[sexusb.xhci.hid.report_desc.bytes] i=62 b=0x35
[sexusb.xhci.hid.report_desc.bytes] i=63 b=0x0
[sexusb.xhci.hid.report_desc.tablet_shape.ok]
[sexusb.xhci.hid.report_desc.mouse_shape.ok]
[sexusb.xhci.hid.report_desc.complete.ok] len=74
[sexusb.xhci.set_config.start] value=1
[sexusb.xhci.set_config.event.ok] actual=0 residue=0
[sexusb.xhci.set_config.complete.ok]
[sexusb.xhci.intr_in.config_ep.start]
[QEMU_TRACE] xhci_ring_fetch: Cycle bit mismatch! dequeue=1f9be050 trb.control=0 ring.ccs=1
[sexusb.xhci.intr_in.config_ep.ok]
[sexusb.hid.tablet.continuous.start] attempts=unbounded
[QEMU_TRACE] XHCI_KICK_EP_TRAP_V2 slot 1 enabled=1
[QEMU_TRACE] xhci_kick_epctx: epid=3, kick_active=0
[QEMU_TRACE] xhci_kick_epctx: epid=3, ring->dequeue=102ac000, ring->ccs=1
[QEMU_TRACE] xhci_kick_epctx: epid=3, kick_active=0
[QEMU_TRACE] xhci_kick_epctx: epid=3, pending retry
[QEMU_TRACE] usb_handle_packet: dev=QEMU USB Tablet ep=1 pid=IN
[QEMU_TRACE] usb_hid_handle_data: dev=QEMU USB Tablet ep=1 pid=105
[QEMU_TRACE] usb_hid_handle_data: hs=0x5598aba2ead0 n=0 kind=2
[QEMU_TRACE] hid_has_events: hs=0x5598aba2ead0 n=0 result=0
[QEMU_TRACE] XHCI_KICK_EP_TRAP_V2 slot 1 enabled=1
timer.tick.enter
scheduler.tick.enter core=0 phase=4 rq_depth=7
task.running id=6 pd_id=6 rip=0x45001c50 rsp=0x700005100000
scheduler.pick_next pd_id=6
scheduler.restore_context pd_id=6 kstack_top=0x4444445f87d8 rip=0x45001c50
timer.tick.enter
scheduler.tick.enter core=0 phase=4 rq_depth=7
task.running id=7 pd_id=7 rip=0x460012ea rsp=0x7000060ffff8
scheduler.pick_next pd_id=7
scheduler.restore_context pd_id=7 kstack_top=0x44444463c7d8 rip=0x460012ea
timer.tick.enter
scheduler.tick.enter core=0 phase=4 rq_depth=6
task.running id=1 pd_id=1 rip=0x40002030 rsp=0x7000000ffaa0
scheduler.pick_next pd_id=1
task.requeued id=7 pd_id=7
scheduler.restore_context pd_id=1 kstack_top=0x4444444a4728 rip=0x40002030
timer.tick.enter
scheduler.tick.enter core=0 phase=4 rq_depth=6
task.running id=2 pd_id=2 rip=0x41001620 rsp=0x7000010fff98
scheduler.pick_next pd_id=2
task.requeued id=1 pd_id=1
scheduler.restore_context pd_id=2 kstack_top=0x4444444e87d8 rip=0x41001620
timer.tick.enter
scheduler.tick.enter core=0 phase=4 rq_depth=6
task.running id=3 pd_id=3 rip=0x42007170 rsp=0x700002100000
scheduler.pick_next pd_id=3
task.requeued id=2 pd_id=2
scheduler.restore_context pd_id=3 kstack_top=0x44444452c7d8 rip=0x42007170
timer.tick.enter
scheduler.tick.enter core=0 phase=4 rq_depth=7
task.running id=4 pd_id=4 rip=0x43001820 rsp=0x700003100000
scheduler.pick_next pd_id=4
scheduler.restore_context pd_id=4 kstack_top=0x4444445707d8 rip=0x43001820
timer.tick.enter
scheduler.tick.enter core=0 phase=4 rq_depth=7
task.running id=5 pd_id=5 rip=0x4400bdc6 rsp=0x7000040ffac8
scheduler.pick_next pd_id=5
scheduler.restore_context pd_id=5 kstack_top=0x4444445b47d8 rip=0x4400bdc6
timer.tick.enter
scheduler.tick.enter core=0 phase=4 rq_depth=7
task.running id=6 pd_id=6 rip=0x45001c50 rsp=0x700005100000
scheduler.pick_next pd_id=6
scheduler.restore_context pd_id=6 kstack_top=0x4444445f87d8 rip=0x45001c50
timer.tick.enter
scheduler.tick.enter core=0 phase=4 rq_depth=7
task.running id=7 pd_id=7 rip=0x460012f4 rsp=0x7000060ffff8
scheduler.pick_next pd_id=7
scheduler.restore_context pd_id=7 kstack_top=0x44444463c7d8 rip=0x460012f4
timer.tick.enter
scheduler.tick.enter core=0 phase=4 rq_depth=6
task.running id=1 pd_id=1 rip=0x40002000 rsp=0x7000000ffae0
scheduler.pick_next pd_id=1
task.requeued id=7 pd_id=7
scheduler.restore_context pd_id=1 kstack_top=0x4444444a4728 rip=0x40002000
timer.tick.enter
scheduler.tick.enter core=0 phase=4 rq_depth=6
task.running id=2 pd_id=2 rip=0x41001624 rsp=0x7000010fff98
scheduler.pick_next pd_id=2
task.requeued id=1 pd_id=1
scheduler.restore_context pd_id=2 kstack_top=0x4444444e87d8 rip=0x41001624
timer.tick.enter
scheduler.tick.enter core=0 phase=4 rq_depth=6
task.running id=3 pd_id=3 rip=0x42007170 rsp=0x700002100000
scheduler.pick_next pd_id=3
task.requeued id=2 pd_id=2
scheduler.restore_context pd_id=3 kstack_top=0x44444452c7d8 rip=0x42007170
timer.tick.enter
scheduler.tick.enter core=0 phase=4 rq_depth=7
task.running id=4 pd_id=4 rip=0x43001820 rsp=0x700003100000
scheduler.pick_next pd_id=4
scheduler.restore_context pd_id=4 kstack_top=0x4444445707d8 rip=0x43001820
timer.tick.enter
task.running id=5 pd_id=5 rip=0x4400bdc6 rsp=0x7000040ffac8
scheduler.restore_context pd_id=5 kstack_top=0x4444445b47d8 rip=0x4400bdc6
timer.tick.enter
task.running id=6 pd_id=6 rip=0x45001c50 rsp=0x700005100000
scheduler.restore_context pd_id=6 kstack_top=0x4444445f87d8 rip=0x45001c50
timer.tick.enter
task.running id=7 pd_id=7 rip=0x460012ee rsp=0x7000060ffff8
scheduler.restore_context pd_id=7 kstack_top=0x44444463c7d8 rip=0x460012ee
timer.tick.enter
task.running id=1 pd_id=1 rip=0x400038dc rsp=0x7000000ffae8
task.requeued id=7 pd_id=7
scheduler.restore_context pd_id=1 kstack_top=0x4444444a4728 rip=0x400038dc
timer.tick.enter
task.running id=2 pd_id=2 rip=0x41001616 rsp=0x7000010fff98
task.requeued id=1 pd_id=1
scheduler.restore_context pd_id=2 kstack_top=0x4444444e87d8 rip=0x41001616
timer.tick.enter
task.running id=3 pd_id=3 rip=0x42007170 rsp=0x700002100000
task.requeued id=2 pd_id=2
scheduler.restore_context pd_id=3 kstack_top=0x44444452c7d8 rip=0x42007170
timer.tick.enter
task.running id=4 pd_id=4 rip=0x43001820 rsp=0x700003100000
scheduler.restore_context pd_id=4 kstack_top=0x4444445707d8 rip=0x43001820
timer.tick.enter
task.running id=5 pd_id=5 rip=0x4400bdc6 rsp=0x7000040ffac8
scheduler.restore_context pd_id=5 kstack_top=0x4444445b47d8 rip=0x4400bdc6
timer.tick.enter
task.running id=6 pd_id=6 rip=0x45001c50 rsp=0x700005100000
scheduler.restore_context pd_id=6 kstack_top=0x4444445f87d8 rip=0x45001c50
timer.tick.enter
task.running id=7 pd_id=7 rip=0x460012e2 rsp=0x7000060ffff8
scheduler.restore_context pd_id=7 kstack_top=0x44444463c7d8 rip=0x460012e2
timer.tick.enter
task.running id=1 pd_id=1 rip=0x40002030 rsp=0x7000000ffaa0
task.requeued id=7 pd_id=7
scheduler.restore_context pd_id=1 kstack_top=0x4444444a4728 rip=0x40002030
timer.tick.enter
task.running id=2 pd_id=2 rip=0x4100161a rsp=0x7000010fff98
task.requeued id=1 pd_id=1
scheduler.restore_context pd_id=2 kstack_top=0x4444444e87d8 rip=0x4100161a
timer.tick.enter
task.running id=3 pd_id=3 rip=0x42007170 rsp=0x700002100000
task.requeued id=2 pd_id=2
scheduler.restore_context pd_id=3 kstack_top=0x44444452c7d8 rip=0x42007170
timer.tick.enter
task.running id=4 pd_id=4 rip=0x43001820 rsp=0x700003100000
scheduler.restore_context pd_id=4 kstack_top=0x4444445707d8 rip=0x43001820
timer.tick.enter
task.running id=5 pd_id=5 rip=0x4400bdc6 rsp=0x7000040ffac8
scheduler.restore_context pd_id=5 kstack_top=0x4444445b47d8 rip=0x4400bdc6
timer.tick.enter
task.running id=6 pd_id=6 rip=0x45001c50 rsp=0x700005100000
scheduler.restore_context pd_id=6 kstack_top=0x4444445f87d8 rip=0x45001c50
timer.tick.enter
task.running id=7 pd_id=7 rip=0x460012e8 rsp=0x7000060ffff8
scheduler.restore_context pd_id=7 kstack_top=0x44444463c7d8 rip=0x460012e8
timer.tick.enter
task.running id=1 pd_id=1 rip=0x40002030 rsp=0x7000000ffaa0
task.requeued id=7 pd_id=7
scheduler.restore_context pd_id=1 kstack_top=0x4444444a4728 rip=0x40002030
[pdx.identity.accept] display owner_pd validation active
timer.tick.enter
task.running id=2 pd_id=2 rip=0x41001622 rsp=0x7000010fff98
task.requeued id=1 pd_id=1
scheduler.restore_context pd_id=2 kstack_top=0x4444444e87d8 rip=0x41001622
timer.tick.enter
task.running id=3 pd_id=3 rip=0x42007170 rsp=0x700002100000
task.requeued id=2 pd_id=2
scheduler.restore_context pd_id=3 kstack_top=0x44444452c7d8 rip=0x42007170
timer.tick.enter
task.running id=4 pd_id=4 rip=0x43001820 rsp=0x700003100000
scheduler.restore_context pd_id=4 kstack_top=0x4444445707d8 rip=0x43001820
timer.tick.enter
task.running id=5 pd_id=5 rip=0x4400bdc6 rsp=0x7000040ffac8
scheduler.restore_context pd_id=5 kstack_top=0x4444445b47d8 rip=0x4400bdc6
timer.tick.enter
task.running id=6 pd_id=6 rip=0x45001c50 rsp=0x700005100000
scheduler.restore_context pd_id=6 kstack_top=0x4444445f87d8 rip=0x45001c50
timer.tick.enter
task.running id=7 pd_id=7 rip=0x460012e6 rsp=0x7000060ffff8
scheduler.restore_context pd_id=7 kstack_top=0x44444463c7d8 rip=0x460012e6
timer.tick.enter
task.running id=1 pd_id=1 rip=0x40002030 rsp=0x7000000ffaa0
task.requeued id=7 pd_id=7
scheduler.restore_context pd_id=1 kstack_top=0x4444444a4728 rip=0x40002030
timer.tick.enter
task.running id=2 pd_id=2 rip=0x41001618 rsp=0x7000010fff98
task.requeued id=1 pd_id=1
scheduler.restore_context pd_id=2 kstack_top=0x4444444e87d8 rip=0x41001618
timer.tick.enter
task.running id=3 pd_id=3 rip=0x42007170 rsp=0x700002100000
task.requeued id=2 pd_id=2
scheduler.restore_context pd_id=3 kstack_top=0x44444452c7d8 rip=0x42007170
timer.tick.enter
task.running id=4 pd_id=4 rip=0x43001820 rsp=0x700003100000
scheduler.restore_context pd_id=4 kstack_top=0x4444445707d8 rip=0x43001820
timer.tick.enter
task.running id=5 pd_id=5 rip=0x4400bdc6 rsp=0x7000040ffac8
scheduler.restore_context pd_id=5 kstack_top=0x4444445b47d8 rip=0x4400bdc6
timer.tick.enter
task.running id=6 pd_id=6 rip=0x45001c50 rsp=0x700005100000
scheduler.restore_context pd_id=6 kstack_top=0x4444445f87d8 rip=0x45001c50
timer.tick.enter
task.running id=7 pd_id=7 rip=0x460012ea rsp=0x7000060ffff8
scheduler.restore_context pd_id=7 kstack_top=0x44444463c7d8 rip=0x460012ea
timer.tick.enter
task.running id=1 pd_id=1 rip=0x40002041 rsp=0x7000000ffaa0
task.requeued id=7 pd_id=7
scheduler.restore_context pd_id=1 kstack_top=0x4444444a4728 rip=0x40002041
timer.tick.enter
task.running id=2 pd_id=2 rip=0x4100161e rsp=0x7000010fff98
task.requeued id=1 pd_id=1
task.running id=3 pd_id=3 rip=0x42007170 rsp=0x700002100000
task.requeued id=2 pd_id=2
task.running id=4 pd_id=4 rip=0x43001820 rsp=0x700003100000
task.running id=5 pd_id=5 rip=0x4400bdc6 rsp=0x7000040ffac8
task.running id=6 pd_id=6 rip=0x45001c50 rsp=0x700005100000
[silkbar.clock.send] hh=0 mm=0 ss=1
task.running id=7 pd_id=7 rip=0x460012e8 rsp=0x7000060ffff8
task.running id=1 pd_id=1 rip=0x40002041 rsp=0x7000000ffaa0
task.requeued id=7 pd_id=7
task.running id=2 pd_id=2 rip=0x41001612 rsp=0x7000010fff98
task.requeued id=1 pd_id=1
task.running id=3 pd_id=3 rip=0x42007170 rsp=0x700002100000
task.requeued id=2 pd_id=2
task.running id=4 pd_id=4 rip=0x43001820 rsp=0x700003100000
task.running id=5 pd_id=5 rip=0x4400bdc6 rsp=0x7000040ffac8
task.running id=6 pd_id=6 rip=0x45001c50 rsp=0x700005100000
task.running id=7 pd_id=7 rip=0x460012ea rsp=0x7000060ffff8
task.running id=1 pd_id=1 rip=0x40002030 rsp=0x7000000ffaa0
task.requeued id=7 pd_id=7
task.running id=2 pd_id=2 rip=0x4100161c rsp=0x7000010fff98
task.requeued id=1 pd_id=1
task.running id=3 pd_id=3 rip=0x42007170 rsp=0x700002100000
task.requeued id=2 pd_id=2
task.running id=4 pd_id=4 rip=0x43001820 rsp=0x700003100000
task.running id=5 pd_id=5 rip=0x4400bdc6 rsp=0x7000040ffac8
task.running id=6 pd_id=6 rip=0x45001c50 rsp=0x700005100000
task.running id=7 pd_id=7 rip=0x460012ea rsp=0x7000060ffff8
task.running id=1 pd_id=1 rip=0x400038fa rsp=0x7000000ffae8
task.requeued id=7 pd_id=7
[silk.render_proof.top_strip.start]
[silk.render_proof.top_strip.hash] value=0x4303c3c231bcc84a
[silk.render_proof.top_strip.ok]
task.running id=2 pd_id=2 rip=0x4100161a rsp=0x7000010fff98
task.requeued id=1 pd_id=1
task.running id=3 pd_id=3 rip=0x42007170 rsp=0x700002100000
task.requeued id=2 pd_id=2
task.running id=4 pd_id=4 rip=0x43001820 rsp=0x700003100000
[silkbar.clock.send] hh=0 mm=0 ss=2
[sexdisplay.cursor_surface.z_top.ok] id=0x90
[sexdisplay.cursor_shape.arrow.ok] id=0x90
[sexdisplay.cursor.draw] n=0 x=640 y=360
[sexdisplay.cursor.draw] n=0 x=640 y=360
[silkbar.clock.send] hh=0 mm=0 ss=3
[sexdisplay.cursor.draw] n=0 x=640 y=360
[sexdisplay.cursor.draw] n=0 x=640 y=360
[silkbar.clock.send] hh=0 mm=0 ss=4
[sexdisplay.cursor.draw] n=0 x=640 y=360
[linen] Placeholder surface 200 created via 0xEC
[linen] Fill rect 0xEF sent to sexdisplay
[silkbar.clock.send] hh=0 mm=0 ss=5
[sexdisplay.cursor.draw] n=0 x=640 y=360
[silkbar.clock.send] hh=0 mm=0 ss=6
[sexdisplay.selected.options.update] mask=0x8
[silkbar.clock.send] hh=0 mm=0 ss=7
[silkbar.clock.send] hh=0 mm=0 ss=8
[sexdisplay.cursor.draw] n=0 x=640 y=360
[silkbar.clock.send] hh=0 mm=0 ss=9
[sexdisplay.cursor.draw] n=0 x=640 y=360
[silkbar.clock.send] hh=0 mm=0 ss=10
[silkbar.clock.send] hh=0 mm=0 ss=11
[silkbar.clock.send] hh=0 mm=0 ss=12
